Searching for reachable coordinates...
Format: X, Y, Z, Pitch | Result
----------------------------------------
SUCCESS: x=0.12, y=0.0, z=0.030, pitch=0.00
  joints: [-0.308, -1.464, -0.915, -0.735, 1.262, 1.597]
SUCCESS: x=0.12, y=0.0, z=0.030, pitch=0.50
  joints: [2.138, 2.293, -0.881, 1.721, -2.578, 2.075]
SUCCESS: x=0.12, y=0.0, z=0.030, pitch=1.00
  joints: [-0.307, -1.478, -0.884, -0.765, 1.256, 2.584]
SUCCESS: x=0.12, y=0.0, z=0.030, pitch=1.57
  joints: [-0.307, -2.283, 0.856, -1.715, 1.255, -3.142]
SUCCESS: x=0.12, y=0.0, z=0.050, pitch=0.00
  joints: [-0.308, -2.255, 1.025, -1.884, 1.262, 1.597]
SUCCESS: x=0.12, y=0.0, z=0.050, pitch=0.50
  joints: [-0.308, -2.25, 1.014, -1.882, 1.259, 2.093]
SUCCESS: x=0.12, y=0.0, z=0.050, pitch=1.00
  joints: [2.139, 1.327, 0.983, 0.826, -2.58, 2.574]
SUCCESS: x=0.12, y=0.0, z=0.050, pitch=1.57
  joints: [2.14, 1.333, 0.972, 0.836, -2.581, -3.142]
SUCCESS: x=0.12, y=0.0, z=0.065, pitch=0.00
  joints: [-0.308, -2.195, 1.074, -1.994, 1.262, 1.597]
SUCCESS: x=0.12, y=0.0, z=0.065, pitch=0.50
  joints: [2.138, 1.217, 1.043, 0.873, -2.578, 2.075]
SUCCESS: x=0.12, y=0.0, z=0.065, pitch=1.00
  joints: [-0.307, -2.183, 1.047, -1.991, 1.256, 2.584]
SUCCESS: x=0.12, y=0.0, z=0.065, pitch=1.57
  joints: [2.14, 2.174, -1.024, 1.992, -2.581, -3.142]
SUCCESS: x=0.12, y=0.0, z=0.080, pitch=0.00
  joints: [-0.308, -2.121, 1.099, -2.092, 1.262, 1.597]
SUCCESS: x=0.12, y=0.0, z=0.080, pitch=0.50
  joints: [2.138, 1.122, 1.068, 0.943, -2.578, 2.075]
SUCCESS: x=0.12, y=0.0, z=0.080, pitch=1.00
  joints: [2.139, 1.127, 1.059, 0.95, -2.58, 2.574]
SUCCESS: x=0.12, y=0.0, z=0.080, pitch=1.57
  joints: [2.14, 2.102, -1.05, 2.089, -2.581, -3.142]
SUCCESS: x=0.12, y=0.0, z=0.100, pitch=0.00
  joints: [-0.308, -2.006, 1.094, -2.203, 1.262, 1.597]
SUCCESS: x=0.12, y=0.0, z=0.100, pitch=0.50
  joints: [2.138, 1.012, 1.063, 1.058, -2.578, 2.075]
SUCCESS: x=0.12, y=0.0, z=0.100, pitch=1.00
  joints: [2.139, 1.991, -1.055, 2.201, -2.58, 2.574]
SUCCESS: x=0.12, y=0.0, z=0.100, pitch=1.57
  joints: [-0.307, -1.989, 1.046, -2.199, 1.255, -3.142]
SUCCESS: x=0.12, y=0.0, z=0.120, pitch=0.00
  joints: [-0.308, -1.872, 1.046, -2.288, 1.262, 1.597]
SUCCESS: x=0.12, y=0.0, z=0.120, pitch=0.50
  joints: [2.138, 1.86, -1.015, 2.288, -2.578, 2.075]
SUCCESS: x=0.12, y=0.0, z=0.120, pitch=1.00
  joints: [-0.307, -0.922, -1.02, -1.186, 1.256, 2.584]
SUCCESS: x=0.12, y=0.0, z=0.120, pitch=1.57
  joints: [2.14, 1.857, -0.999, 2.283, -2.581, 3.142]
SUCCESS: x=0.12, y=0.0, z=0.150, pitch=0.00
  joints: [2.137, 1.736, 0.591, -2.337, -0.566, -1.566]
SUCCESS: x=0.12, y=0.0, z=0.150, pitch=0.50
  joints: [-0.308, -1.753, -0.55, 2.326, 1.883, -1.048]
SUCCESS: x=0.12, y=0.0, z=0.150, pitch=1.00
  joints: [2.139, 1.625, -0.84, 2.351, -2.58, 2.574]
SUCCESS: x=0.12, y=0.0, z=0.150, pitch=1.57
  joints: [2.14, 1.624, -0.832, 2.35, -2.581, 3.142]
SUCCESS: x=0.15, y=0.0, z=0.050, pitch=0.00
  joints: [-0.264, -1.859, 0.222, -1.473, 1.307, 1.601]
SUCCESS: x=0.15, y=0.0, z=0.050, pitch=0.50
  joints: [-0.264, -1.832, 0.164, -1.446, 1.303, 2.097]
SUCCESS: x=0.15, y=0.0, z=0.065, pitch=0.00
  joints: [-0.264, -1.855, 0.369, -1.625, 1.307, 1.601]
SUCCESS: x=0.15, y=0.0, z=0.065, pitch=0.50
  joints: [2.265, 1.799, -0.25, 1.584, -2.451, 2.077]
SUCCESS: x=0.15, y=0.0, z=0.065, pitch=1.00
  joints: [2.266, 1.78, -0.208, 1.564, -2.453, 2.574]
SUCCESS: x=0.15, y=0.0, z=0.065, pitch=1.57
  joints: [-0.263, -1.616, -0.148, -1.378, 1.299, 3.142]
SUCCESS: x=0.15, y=0.0, z=0.080, pitch=0.00
  joints: [-0.264, -1.807, 0.425, -1.729, 1.307, 1.601]
SUCCESS: x=0.15, y=0.0, z=0.080, pitch=0.50
  joints: [2.265, 1.761, -0.326, 1.698, -2.451, 2.077]
SUCCESS: x=0.15, y=0.0, z=0.080, pitch=1.00
  joints: [-0.263, -1.771, 0.345, -1.699, 1.301, 2.587]
SUCCESS: x=0.15, y=0.0, z=0.080, pitch=1.57
  joints: [2.266, 1.732, -0.259, 1.669, -2.454, -3.142]
SUCCESS: x=0.15, y=0.0, z=0.100, pitch=0.00
  joints: [-0.264, -1.703, 0.415, -1.822, 1.307, 1.601]
SUCCESS: x=0.15, y=0.0, z=0.100, pitch=0.50
  joints: [2.265, 1.365, 0.314, 1.453, -2.451, 2.077]
SUCCESS: x=0.15, y=0.0, z=0.100, pitch=1.00
  joints: [2.266, 1.644, -0.283, 1.775, -2.453, 2.574]
SUCCESS: x=0.15, y=0.0, z=0.100, pitch=1.57
  joints: [-0.263, -1.399, -0.247, -1.495, 1.299, -3.142]
SUCCESS: x=0.15, y=0.0, z=0.120, pitch=0.00
  joints: [-0.264, -1.275, -0.294, -1.54, 1.307, 1.601]
SUCCESS: x=0.15, y=0.0, z=0.120, pitch=0.50
  joints: [2.265, 1.469, -0.118, 1.781, -2.451, 2.077]
SUCCESS: x=0.15, y=0.0, z=0.120, pitch=1.00
  joints: [-0.263, -1.337, -0.167, -1.621, 1.301, 2.587]
